Archive member included because of file (symbol)

/usr/lib/gcc/avr/4.3.4/avr51/libgcc.a(_udivmodqi4.o)
                              /tmp/ccY7JWPU.o (__udivmodqi4)
/usr/lib/gcc/avr/4.3.4/avr51/libgcc.a(_udivmodhi4.o)
                              /tmp/ccY7JWPU.o (__udivmodhi4)
/usr/lib/gcc/avr/4.3.4/avr51/libgcc.a(_divmodhi4.o)
                              /tmp/ccY7JWPU.o (__divmodhi4)
/usr/lib/gcc/avr/4.3.4/avr51/libgcc.a(_exit.o)
                              /usr/lib/gcc/avr/4.3.4/../../../avr/lib/avr51/crtm128.o (exit)
/usr/lib/gcc/avr/4.3.4/avr51/libgcc.a(_clear_bss.o)
                              /tmp/ccY7JWPU.o (__do_clear_bss)
/usr/lib/gcc/avr/4.3.4/avr51/libgcc.a(_addsub_sf.o)
                              /tmp/ccY7JWPU.o (__subsf3)
/usr/lib/gcc/avr/4.3.4/avr51/libgcc.a(_mul_sf.o)
                              /tmp/ccY7JWPU.o (__mulsf3)
/usr/lib/gcc/avr/4.3.4/avr51/libgcc.a(_div_sf.o)
                              /tmp/ccY7JWPU.o (__divsf3)
/usr/lib/gcc/avr/4.3.4/avr51/libgcc.a(_gt_sf.o)
                              /tmp/ccY7JWPU.o (__gtsf2)
/usr/lib/gcc/avr/4.3.4/avr51/libgcc.a(_si_to_sf.o)
                              /tmp/ccY7JWPU.o (__floatsisf)
/usr/lib/gcc/avr/4.3.4/avr51/libgcc.a(_sf_to_si.o)
                              /tmp/ccY7JWPU.o (__fixsfsi)
/usr/lib/gcc/avr/4.3.4/avr51/libgcc.a(_thenan_sf.o)
                              /usr/lib/gcc/avr/4.3.4/avr51/libgcc.a(_addsub_sf.o) (__thenan_sf)
/usr/lib/gcc/avr/4.3.4/avr51/libgcc.a(_usi_to_sf.o)
                              /tmp/ccY7JWPU.o (__floatunsisf)
/usr/lib/gcc/avr/4.3.4/avr51/libgcc.a(_prologue.o)
                              /usr/lib/gcc/avr/4.3.4/avr51/libgcc.a(_addsub_sf.o) (__prologue_saves__)
/usr/lib/gcc/avr/4.3.4/avr51/libgcc.a(_epilogue.o)
                              /usr/lib/gcc/avr/4.3.4/avr51/libgcc.a(_addsub_sf.o) (__epilogue_restores__)
/usr/lib/gcc/avr/4.3.4/avr51/libgcc.a(_clzsi2.o)
                              /usr/lib/gcc/avr/4.3.4/avr51/libgcc.a(_si_to_sf.o) (__clzsi2)
/usr/lib/gcc/avr/4.3.4/avr51/libgcc.a(_pack_sf.o)
                              /usr/lib/gcc/avr/4.3.4/avr51/libgcc.a(_addsub_sf.o) (__pack_f)
/usr/lib/gcc/avr/4.3.4/avr51/libgcc.a(_unpack_sf.o)
                              /usr/lib/gcc/avr/4.3.4/avr51/libgcc.a(_addsub_sf.o) (__unpack_f)
/usr/lib/gcc/avr/4.3.4/avr51/libgcc.a(_fpcmp_parts_sf.o)
                              /usr/lib/gcc/avr/4.3.4/avr51/libgcc.a(_gt_sf.o) (__fpcmp_parts_f)
/usr/lib/gcc/avr/4.3.4/avr51/libgcc.a(_clz.o)
                              /usr/lib/gcc/avr/4.3.4/avr51/libgcc.a(_clzsi2.o) (__clz_tab)
/usr/lib/gcc/avr/4.3.4/../../../avr/lib/avr51/libc.a(sprintf.o)
                              /tmp/ccY7JWPU.o (sprintf)
/usr/lib/gcc/avr/4.3.4/../../../avr/lib/avr51/libc.a(vfprintf_std.o)
                              /usr/lib/gcc/avr/4.3.4/../../../avr/lib/avr51/libc.a(sprintf.o) (vfprintf)
/usr/lib/gcc/avr/4.3.4/../../../avr/lib/avr51/libc.a(strnlen_P.o)
                              /usr/lib/gcc/avr/4.3.4/../../../avr/lib/avr51/libc.a(vfprintf_std.o) (strnlen_P)
/usr/lib/gcc/avr/4.3.4/../../../avr/lib/avr51/libc.a(strnlen.o)
                              /usr/lib/gcc/avr/4.3.4/../../../avr/lib/avr51/libc.a(vfprintf_std.o) (strnlen)
/usr/lib/gcc/avr/4.3.4/../../../avr/lib/avr51/libc.a(fputc.o)
                              /usr/lib/gcc/avr/4.3.4/../../../avr/lib/avr51/libc.a(vfprintf_std.o) (fputc)
/usr/lib/gcc/avr/4.3.4/../../../avr/lib/avr51/libc.a(ultoa_invert.o)
                              /usr/lib/gcc/avr/4.3.4/../../../avr/lib/avr51/libc.a(vfprintf_std.o) (__ultoa_invert)

Allocating common symbols
Common symbol       size              file

bHumidity           0x1               /tmp/ccY7JWPU.o
dRpt                0x4               /tmp/ccY7JWPU.o
cButtonIntegrator   0x8               /tmp/ccY7JWPU.o
wADC_counts         0x2               /tmp/ccY7JWPU.o
bSelectionTimeChanged
                    0x1               /tmp/ccY7JWPU.o
wBacklightCounter   0x2               /tmp/ccY7JWPU.o
bSelectionTime      0x1               /tmp/ccY7JWPU.o
wADC_garbage        0x2               /tmp/ccY7JWPU.o
bTimeChanged        0x1               /tmp/ccY7JWPU.o
tZ2                 0x2               /tmp/ccY7JWPU.o
adHumidity          0x64              /tmp/ccY7JWPU.o
bTimeCommaState     0x1               /tmp/ccY7JWPU.o
bOvFlo              0x1               /tmp/ccY7JWPU.o
bHumChanged         0x1               /tmp/ccY7JWPU.o
bTempChanged        0x1               /tmp/ccY7JWPU.o
dRH                 0x4               /tmp/ccY7JWPU.o
bTimeColonToToggle  0x1               /tmp/ccY7JWPU.o
bBtnBPressed        0x1               /tmp/ccY7JWPU.o
dRH_comp            0x4               /tmp/ccY7JWPU.o
tTime               0x8               /tmp/ccY7JWPU.o
dTemperatureOld     0x4               /tmp/ccY7JWPU.o
bSelectionDate      0x1               /tmp/ccY7JWPU.o
bPriLev             0x1               /tmp/ccY7JWPU.o
bSelectionDateChanged
                    0x1               /tmp/ccY7JWPU.o
bSelectionMenuChanged
                    0x1               /tmp/ccY7JWPU.o
adTemperature       0x190             /tmp/ccY7JWPU.o
val                 0xb               /tmp/ccY7JWPU.o
tZ1                 0x2               /tmp/ccY7JWPU.o
tTimeEditing        0x8               /tmp/ccY7JWPU.o
bChannel            0x1               /tmp/ccY7JWPU.o
bSelectionMenu      0x1               /tmp/ccY7JWPU.o
bBtnAPressed        0x1               /tmp/ccY7JWPU.o
bPort               0x1               /tmp/ccY7JWPU.o
sreg                0x1               /tmp/ccY7JWPU.o
dVout               0x4               /tmp/ccY7JWPU.o
val1                0x2               /tmp/ccY7JWPU.o
bInhibite           0x1               /tmp/ccY7JWPU.o
bBtnCPressed        0x1               /tmp/ccY7JWPU.o
AD                  0x4               /tmp/ccY7JWPU.o
dVp                 0x4               /tmp/ccY7JWPU.o
bBtn                0x1               /tmp/ccY7JWPU.o
dTemperature        0x4               /tmp/ccY7JWPU.o

Memory Configuration

Name             Origin             Length             Attributes
text             0x00000000         0x00020000         xr
data             0x00800060         0x0000ffa0         rw !x
eeprom           0x00810000         0x00010000         rw !x
fuse             0x00820000         0x00000400         rw !x
lock             0x00830000         0x00000400         rw !x
signature        0x00840000         0x00000400         rw !x
*default*        0x00000000         0xffffffff

Linker script and memory map

Address of section .data set to 0x800100
LOAD /usr/lib/gcc/avr/4.3.4/../../../avr/lib/avr51/crtm128.o
LOAD /usr/lib/gcc/avr/4.3.4/../../../avr/lib/avr51/libm.a
LOAD /tmp/ccY7JWPU.o
LOAD /usr/lib/gcc/avr/4.3.4/avr51/libgcc.a
LOAD /usr/lib/gcc/avr/4.3.4/../../../avr/lib/avr51/libc.a
LOAD /usr/lib/gcc/avr/4.3.4/avr51/libgcc.a

.hash
 *(.hash)

.dynsym
 *(.dynsym)

.dynstr
 *(.dynstr)

.gnu.version
 *(.gnu.version)

.gnu.version_d
 *(.gnu.version_d)

.gnu.version_r
 *(.gnu.version_r)

.rel.init
 *(.rel.init)

.rela.init
 *(.rela.init)

.rel.text
 *(.rel.text)
 *(.rel.text.*)
 *(.rel.gnu.linkonce.t*)

.rela.text
 *(.rela.text)
 *(.rela.text.*)
 *(.rela.gnu.linkonce.t*)

.rel.fini
 *(.rel.fini)

.rela.fini
 *(.rela.fini)

.rel.rodata
 *(.rel.rodata)
 *(.rel.rodata.*)
 *(.rel.gnu.linkonce.r*)

.rela.rodata
 *(.rela.rodata)
 *(.rela.rodata.*)
 *(.rela.gnu.linkonce.r*)

.rel.data
 *(.rel.data)
 *(.rel.data.*)
 *(.rel.gnu.linkonce.d*)

.rela.data
 *(.rela.data)
 *(.rela.data.*)
 *(.rela.gnu.linkonce.d*)

.rel.ctors
 *(.rel.ctors)

.rela.ctors
 *(.rela.ctors)

.rel.dtors
 *(.rel.dtors)

.rela.dtors
 *(.rela.dtors)

.rel.got
 *(.rel.got)

.rela.got
 *(.rela.got)

.rel.bss
 *(.rel.bss)

.rela.bss
 *(.rela.bss)

.rel.plt
 *(.rel.plt)

.rela.plt
 *(.rela.plt)

.text           0x00000000     0x3ef0
 *(.vectors)
 .vectors       0x00000000       0x8c /usr/lib/gcc/avr/4.3.4/../../../avr/lib/avr51/crtm128.o
                0x00000000                __vectors
                0x00000000                __vector_default
 *(.vectors)
 *(.progmem.gcc*)
 *(.progmem*)
                0x0000008c                . = ALIGN (0x2)
                0x0000008c                __trampolines_start = .
 *(.trampolines)
 .trampolines   0x0000008c        0x0 linker stubs
 *(.trampolines*)
                0x0000008c                __trampolines_end = .
 *(.jumptables)
 *(.jumptables*)
 *(.lowtext)
 *(.lowtext*)
                0x0000008c                __ctors_start = .
 *(.ctors)
                0x0000008c                __ctors_end = .
                0x0000008c                __dtors_start = .
 *(.dtors)
                0x0000008c                __dtors_end = .
 SORT(*)(.ctors)
 SORT(*)(.dtors)
 *(.init0)
 .init0         0x0000008c        0x0 /usr/lib/gcc/avr/4.3.4/../../../avr/lib/avr51/crtm128.o
                0x0000008c                __init
 *(.init0)
 *(.init1)
 *(.init1)
 *(.init2)
 .init2         0x0000008c        0xc /usr/lib/gcc/avr/4.3.4/../../../avr/lib/avr51/crtm128.o
 *(.init2)
 *(.init3)
 *(.init3)
 *(.init4)
 .init4         0x00000098       0x1a /usr/lib/gcc/avr/4.3.4/../../../avr/lib/avr51/crtm128.o
                0x00000098                __do_copy_data
 .init4         0x000000b2       0x10 /usr/lib/gcc/avr/4.3.4/avr51/libgcc.a(_clear_bss.o)
                0x000000b2                __do_clear_bss
 *(.init4)
 *(.init5)
 *(.init5)
 *(.init6)
 *(.init6)
 *(.init7)
 *(.init7)
 *(.init8)
 *(.init8)
 *(.init9)
 .init9         0x000000c2        0x8 /usr/lib/gcc/avr/4.3.4/../../../avr/lib/avr51/crtm128.o
 *(.init9)
 *(.text)
 .text          0x000000ca        0x4 /usr/lib/gcc/avr/4.3.4/../../../avr/lib/avr51/crtm128.o
                0x000000ca                __vector_22
                0x000000ca                __vector_28
                0x000000ca                __vector_1
                0x000000ca                __vector_32
                0x000000ca                __vector_34
                0x000000ca                __vector_24
                0x000000ca                __vector_12
                0x000000ca                __bad_interrupt
                0x000000ca                __vector_6
                0x000000ca                __vector_31
                0x000000ca                __vector_3
                0x000000ca                __vector_23
                0x000000ca                __vector_30
                0x000000ca                __vector_25
                0x000000ca                __vector_11
                0x000000ca                __vector_13
                0x000000ca                __vector_17
                0x000000ca                __vector_19
                0x000000ca                __vector_7
                0x000000ca                __vector_27
                0x000000ca                __vector_5
                0x000000ca                __vector_33
                0x000000ca                __vector_4
                0x000000ca                __vector_2
                0x000000ca                __vector_29
                0x000000ca                __vector_8
                0x000000ca                __vector_26
                0x000000ca                __vector_14
                0x000000ca                __vector_10
                0x000000ca                __vector_16
                0x000000ca                __vector_18
                0x000000ca                __vector_20
 .text          0x000000ce     0x2a5c /tmp/ccY7JWPU.o
                0x000000ce                EEOpen
                0x000000e0                EEReadByte
                0x000001bc                EEPROM_open
                0x000001ce                EEPROM_readPage
                0x000001d4                i2c_start
                0x000001fa                i2c_start_address
                0x00000246                EEPROM_erase
                0x000002fa                i2c_repeatStart
                0x0000031a                i2c_sendAddress_ACK
                0x00000350                i2c_sendAddress_NACK
                0x00000386                i2c_sendData_ACK
                0x000003aa                i2c_sendData_NACK
                0x000003ce                i2c_receiveData_ACK
                0x000003f0                i2c_receiveData_NACK
                0x00000412                i2c_stop
                0x00000422                __vector_15
                0x000006cc                __vector_9
                0x00000730                getTemperature
                0x00000822                getHumidity
                0x000009b8                multiplexADChannel
                0x000009e0                ADC_average
                0x00000a82                __vector_21
                0x00000c26                isLeapYear
                0x00000c3c                changeEditTime
                0x00000e2e                changeEditDate
                0x0000105e                checkDate
                0x0000108c                _round
                0x000010de                EEPROM_sequentialRead
                0x00001278                EEPROM_writeByte
                0x0000133a                EEPROM_sequentialWrite
                0x00001392                EEPROM_writePage
                0x000013e4                EEWriteByte
                0x00001494                EEPROM_readByte
                0x000015d8                LCDBusyLoop
                0x00001658                LCDByte
                0x000016ca                LCDGotoXY
                0x000016dc                LCDWriteInt
                0x00001798                LCDWriteString
                0x000017b4                LCDWriteStringXY
                0x000017ca                toggleTimeColon
                0x000017f8                refreshQuote
                0x00001a14                InitLCD
                0x00001a80                _init
                0x00001b10                main
 .text          0x00002b2a        0x0 /usr/lib/gcc/avr/4.3.4/avr51/libgcc.a(_udivmodqi4.o)
 .text          0x00002b2a        0x0 /usr/lib/gcc/avr/4.3.4/avr51/libgcc.a(_udivmodhi4.o)
 .text          0x00002b2a        0x0 /usr/lib/gcc/avr/4.3.4/avr51/libgcc.a(_divmodhi4.o)
 .text          0x00002b2a        0x0 /usr/lib/gcc/avr/4.3.4/avr51/libgcc.a(_exit.o)
 .text          0x00002b2a        0x0 /usr/lib/gcc/avr/4.3.4/avr51/libgcc.a(_clear_bss.o)
 .text          0x00002b2a      0x354 /usr/lib/gcc/avr/4.3.4/avr51/libgcc.a(_addsub_sf.o)
                0x00002dc2                __subsf3
                0x00002e24                __addsf3
 .text          0x00002e7e      0x1f4 /usr/lib/gcc/avr/4.3.4/avr51/libgcc.a(_mul_sf.o)
                0x00002e7e                __mulsf3
 .text          0x00003072      0x158 /usr/lib/gcc/avr/4.3.4/avr51/libgcc.a(_div_sf.o)
                0x00003072                __divsf3
 .text          0x000031ca       0x60 /usr/lib/gcc/avr/4.3.4/avr51/libgcc.a(_gt_sf.o)
                0x000031ca                __gtsf2
 .text          0x0000322a       0xbc /usr/lib/gcc/avr/4.3.4/avr51/libgcc.a(_si_to_sf.o)
                0x0000322a                __floatsisf
 .text          0x000032e6       0xa8 /usr/lib/gcc/avr/4.3.4/avr51/libgcc.a(_sf_to_si.o)
                0x000032e6                __fixsfsi
 .text          0x0000338e        0x0 /usr/lib/gcc/avr/4.3.4/avr51/libgcc.a(_thenan_sf.o)
 .text          0x0000338e       0xf2 /usr/lib/gcc/avr/4.3.4/avr51/libgcc.a(_usi_to_sf.o)
                0x0000338e                __floatunsisf
 .text          0x00003480        0x0 /usr/lib/gcc/avr/4.3.4/avr51/libgcc.a(_prologue.o)
 .text          0x00003480        0x0 /usr/lib/gcc/avr/4.3.4/avr51/libgcc.a(_epilogue.o)
 .text          0x00003480       0x9e /usr/lib/gcc/avr/4.3.4/avr51/libgcc.a(_clzsi2.o)
                0x00003480                __clzsi2
 .text          0x0000351e      0x1aa /usr/lib/gcc/avr/4.3.4/avr51/libgcc.a(_pack_sf.o)
                0x0000351e                __pack_f
 .text          0x000036c8       0xf0 /usr/lib/gcc/avr/4.3.4/avr51/libgcc.a(_unpack_sf.o)
                0x000036c8                __unpack_f
 .text          0x000037b8       0xb2 /usr/lib/gcc/avr/4.3.4/avr51/libgcc.a(_fpcmp_parts_sf.o)
                0x000037b8                __fpcmp_parts_f
 .text          0x0000386a        0x0 /usr/lib/gcc/avr/4.3.4/avr51/libgcc.a(_clz.o)
 .text          0x0000386a        0x0 /usr/lib/gcc/avr/4.3.4/../../../avr/lib/avr51/libc.a(sprintf.o)
 .text          0x0000386a        0x0 /usr/lib/gcc/avr/4.3.4/../../../avr/lib/avr51/libc.a(vfprintf_std.o)
 .text          0x0000386a        0x0 /usr/lib/gcc/avr/4.3.4/../../../avr/lib/avr51/libc.a(strnlen_P.o)
 .text          0x0000386a        0x0 /usr/lib/gcc/avr/4.3.4/../../../avr/lib/avr51/libc.a(strnlen.o)
 .text          0x0000386a        0x0 /usr/lib/gcc/avr/4.3.4/../../../avr/lib/avr51/libc.a(fputc.o)
 .text          0x0000386a        0x0 /usr/lib/gcc/avr/4.3.4/../../../avr/lib/avr51/libc.a(ultoa_invert.o)
                0x0000386a                . = ALIGN (0x2)
 *(.text.*)
 .text.libgcc   0x0000386a       0x18 /usr/lib/gcc/avr/4.3.4/avr51/libgcc.a(_udivmodqi4.o)
                0x0000386a                __udivmodqi4
 .text.libgcc   0x00003882       0x28 /usr/lib/gcc/avr/4.3.4/avr51/libgcc.a(_udivmodhi4.o)
                0x00003882                __udivmodhi4
 .text.libgcc   0x000038aa       0x26 /usr/lib/gcc/avr/4.3.4/avr51/libgcc.a(_divmodhi4.o)
                0x000038aa                __divmodhi4
                0x000038aa                _div
 .text.libgcc   0x000038d0        0x0 /usr/lib/gcc/avr/4.3.4/avr51/libgcc.a(_exit.o)
 .text.libgcc   0x000038d0        0x0 /usr/lib/gcc/avr/4.3.4/avr51/libgcc.a(_clear_bss.o)
 .text.libgcc   0x000038d0       0x38 /usr/lib/gcc/avr/4.3.4/avr51/libgcc.a(_prologue.o)
                0x000038d0                __prologue_saves__
 .text.libgcc   0x00003908       0x36 /usr/lib/gcc/avr/4.3.4/avr51/libgcc.a(_epilogue.o)
                0x00003908                __epilogue_restores__
 .text.avr-libc
                0x0000393e       0x62 /usr/lib/gcc/avr/4.3.4/../../../avr/lib/avr51/libc.a(sprintf.o)
                0x0000393e                sprintf
 .text.avr-libc
                0x000039a0      0x40c /usr/lib/gcc/avr/4.3.4/../../../avr/lib/avr51/libc.a(vfprintf_std.o)
                0x000039a0                vfprintf
 .text.avr-libc
                0x00003dac       0x16 /usr/lib/gcc/avr/4.3.4/../../../avr/lib/avr51/libc.a(strnlen_P.o)
                0x00003dac                strnlen_P
 .text.avr-libc
                0x00003dc2       0x16 /usr/lib/gcc/avr/4.3.4/../../../avr/lib/avr51/libc.a(strnlen.o)
                0x00003dc2                strnlen
 .text.avr-libc
                0x00003dd8       0x58 /usr/lib/gcc/avr/4.3.4/../../../avr/lib/avr51/libc.a(fputc.o)
                0x00003dd8                fputc
 .text.avr-libc
                0x00003e30       0xbc /usr/lib/gcc/avr/4.3.4/../../../avr/lib/avr51/libc.a(ultoa_invert.o)
                0x00003e30                __ultoa_invert
                0x00003eec                . = ALIGN (0x2)
 *(.fini9)
 .fini9         0x00003eec        0x0 /usr/lib/gcc/avr/4.3.4/avr51/libgcc.a(_exit.o)
                0x00003eec                exit
                0x00003eec                _exit
 *(.fini9)
 *(.fini8)
 *(.fini8)
 *(.fini7)
 *(.fini7)
 *(.fini6)
 *(.fini6)
 *(.fini5)
 *(.fini5)
 *(.fini4)
 *(.fini4)
 *(.fini3)
 *(.fini3)
 *(.fini2)
 *(.fini2)
 *(.fini1)
 *(.fini1)
 *(.fini0)
 .fini0         0x00003eec        0x4 /usr/lib/gcc/avr/4.3.4/avr51/libgcc.a(_exit.o)
 *(.fini0)
                0x00003ef0                _etext = .

.data           0x00800100      0x256 load address 0x00003ef0
                0x00800100                PROVIDE (__data_start, .)
 *(.data)
 .data          0x00800100        0x0 /usr/lib/gcc/avr/4.3.4/../../../avr/lib/avr51/crtm128.o
 .data          0x00800100      0x14d /tmp/ccY7JWPU.o
                0x008001b4                bDateChanged
                0x008001b5                bFirst
                0x008001b6                bZone
                0x008001b7                str
                0x008001c1                options
                0x00800241                aDays
 .data          0x0080024d        0x0 /usr/lib/gcc/avr/4.3.4/avr51/libgcc.a(_udivmodqi4.o)
 .data          0x0080024d        0x0 /usr/lib/gcc/avr/4.3.4/avr51/libgcc.a(_udivmodhi4.o)
 .data          0x0080024d        0x0 /usr/lib/gcc/avr/4.3.4/avr51/libgcc.a(_divmodhi4.o)
 .data          0x0080024d        0x0 /usr/lib/gcc/avr/4.3.4/avr51/libgcc.a(_exit.o)
 .data          0x0080024d        0x0 /usr/lib/gcc/avr/4.3.4/avr51/libgcc.a(_clear_bss.o)
 .data          0x0080024d        0x0 /usr/lib/gcc/avr/4.3.4/avr51/libgcc.a(_addsub_sf.o)
 .data          0x0080024d        0x0 /usr/lib/gcc/avr/4.3.4/avr51/libgcc.a(_mul_sf.o)
 .data          0x0080024d        0x0 /usr/lib/gcc/avr/4.3.4/avr51/libgcc.a(_div_sf.o)
 .data          0x0080024d        0x0 /usr/lib/gcc/avr/4.3.4/avr51/libgcc.a(_gt_sf.o)
 .data          0x0080024d        0x0 /usr/lib/gcc/avr/4.3.4/avr51/libgcc.a(_si_to_sf.o)
 .data          0x0080024d        0x0 /usr/lib/gcc/avr/4.3.4/avr51/libgcc.a(_sf_to_si.o)
 .data          0x0080024d        0x8 /usr/lib/gcc/avr/4.3.4/avr51/libgcc.a(_thenan_sf.o)
                0x0080024d                __thenan_sf
 .data          0x00800255        0x0 /usr/lib/gcc/avr/4.3.4/avr51/libgcc.a(_usi_to_sf.o)
 .data          0x00800255        0x0 /usr/lib/gcc/avr/4.3.4/avr51/libgcc.a(_prologue.o)
 .data          0x00800255        0x0 /usr/lib/gcc/avr/4.3.4/avr51/libgcc.a(_epilogue.o)
 .data          0x00800255        0x0 /usr/lib/gcc/avr/4.3.4/avr51/libgcc.a(_clzsi2.o)
 .data          0x00800255        0x0 /usr/lib/gcc/avr/4.3.4/avr51/libgcc.a(_pack_sf.o)
 .data          0x00800255        0x0 /usr/lib/gcc/avr/4.3.4/avr51/libgcc.a(_unpack_sf.o)
 .data          0x00800255        0x0 /usr/lib/gcc/avr/4.3.4/avr51/libgcc.a(_fpcmp_parts_sf.o)
 .data          0x00800255      0x100 /usr/lib/gcc/avr/4.3.4/avr51/libgcc.a(_clz.o)
                0x00800255                __clz_tab
 .data          0x00800355        0x0 /usr/lib/gcc/avr/4.3.4/../../../avr/lib/avr51/libc.a(sprintf.o)
 .data          0x00800355        0x0 /usr/lib/gcc/avr/4.3.4/../../../avr/lib/avr51/libc.a(vfprintf_std.o)
 .data          0x00800355        0x0 /usr/lib/gcc/avr/4.3.4/../../../avr/lib/avr51/libc.a(strnlen_P.o)
 .data          0x00800355        0x0 /usr/lib/gcc/avr/4.3.4/../../../avr/lib/avr51/libc.a(strnlen.o)
 .data          0x00800355        0x0 /usr/lib/gcc/avr/4.3.4/../../../avr/lib/avr51/libc.a(fputc.o)
 .data          0x00800355        0x0 /usr/lib/gcc/avr/4.3.4/../../../avr/lib/avr51/libc.a(ultoa_invert.o)
 *(.data*)
 *(.rodata)
 *(.rodata*)
 *(.gnu.linkonce.d*)
                0x00800356                . = ALIGN (0x2)
 *fill*         0x00800355        0x1 00
                0x00800356                _edata = .
                0x00800356                PROVIDE (__data_end, .)

.bss            0x00800356      0x25e
                0x00800356                PROVIDE (__bss_start, .)
 *(.bss)
 .bss           0x00800356        0x0 /usr/lib/gcc/avr/4.3.4/../../../avr/lib/avr51/crtm128.o
 .bss           0x00800356        0x5 /tmp/ccY7JWPU.o
                0x00800356                bState
                0x00800357                i
 .bss           0x0080035b        0x0 /usr/lib/gcc/avr/4.3.4/avr51/libgcc.a(_udivmodqi4.o)
 .bss           0x0080035b        0x0 /usr/lib/gcc/avr/4.3.4/avr51/libgcc.a(_udivmodhi4.o)
 .bss           0x0080035b        0x0 /usr/lib/gcc/avr/4.3.4/avr51/libgcc.a(_divmodhi4.o)
 .bss           0x0080035b        0x0 /usr/lib/gcc/avr/4.3.4/avr51/libgcc.a(_exit.o)
 .bss           0x0080035b        0x0 /usr/lib/gcc/avr/4.3.4/avr51/libgcc.a(_clear_bss.o)
 .bss           0x0080035b        0x0 /usr/lib/gcc/avr/4.3.4/avr51/libgcc.a(_addsub_sf.o)
 .bss           0x0080035b        0x0 /usr/lib/gcc/avr/4.3.4/avr51/libgcc.a(_mul_sf.o)
 .bss           0x0080035b        0x0 /usr/lib/gcc/avr/4.3.4/avr51/libgcc.a(_div_sf.o)
 .bss           0x0080035b        0x0 /usr/lib/gcc/avr/4.3.4/avr51/libgcc.a(_gt_sf.o)
 .bss           0x0080035b        0x0 /usr/lib/gcc/avr/4.3.4/avr51/libgcc.a(_si_to_sf.o)
 .bss           0x0080035b        0x0 /usr/lib/gcc/avr/4.3.4/avr51/libgcc.a(_sf_to_si.o)
 .bss           0x0080035b        0x0 /usr/lib/gcc/avr/4.3.4/avr51/libgcc.a(_thenan_sf.o)
 .bss           0x0080035b        0x0 /usr/lib/gcc/avr/4.3.4/avr51/libgcc.a(_usi_to_sf.o)
 .bss           0x0080035b        0x0 /usr/lib/gcc/avr/4.3.4/avr51/libgcc.a(_prologue.o)
 .bss           0x0080035b        0x0 /usr/lib/gcc/avr/4.3.4/avr51/libgcc.a(_epilogue.o)
 .bss           0x0080035b        0x0 /usr/lib/gcc/avr/4.3.4/avr51/libgcc.a(_clzsi2.o)
 .bss           0x0080035b        0x0 /usr/lib/gcc/avr/4.3.4/avr51/libgcc.a(_pack_sf.o)
 .bss           0x0080035b        0x0 /usr/lib/gcc/avr/4.3.4/avr51/libgcc.a(_unpack_sf.o)
 .bss           0x0080035b        0x0 /usr/lib/gcc/avr/4.3.4/avr51/libgcc.a(_fpcmp_parts_sf.o)
 .bss           0x0080035b        0x0 /usr/lib/gcc/avr/4.3.4/avr51/libgcc.a(_clz.o)
 .bss           0x0080035b        0x0 /usr/lib/gcc/avr/4.3.4/../../../avr/lib/avr51/libc.a(sprintf.o)
 .bss           0x0080035b        0x0 /usr/lib/gcc/avr/4.3.4/../../../avr/lib/avr51/libc.a(vfprintf_std.o)
 .bss           0x0080035b        0x0 /usr/lib/gcc/avr/4.3.4/../../../avr/lib/avr51/libc.a(strnlen_P.o)
 .bss           0x0080035b        0x0 /usr/lib/gcc/avr/4.3.4/../../../avr/lib/avr51/libc.a(strnlen.o)
 .bss           0x0080035b        0x0 /usr/lib/gcc/avr/4.3.4/../../../avr/lib/avr51/libc.a(fputc.o)
 .bss           0x0080035b        0x0 /usr/lib/gcc/avr/4.3.4/../../../avr/lib/avr51/libc.a(ultoa_invert.o)
 *(.bss*)
 *(COMMON)
 COMMON         0x0080035b      0x259 /tmp/ccY7JWPU.o
                0x0080035b                bHumidity
                0x0080035c                dRpt
                0x00800360                cButtonIntegrator
                0x00800368                wADC_counts
                0x0080036a                bSelectionTimeChanged
                0x0080036b                wBacklightCounter
                0x0080036d                bSelectionTime
                0x0080036e                wADC_garbage
                0x00800370                bTimeChanged
                0x00800371                tZ2
                0x00800373                adHumidity
                0x008003d7                bTimeCommaState
                0x008003d8                bOvFlo
                0x008003d9                bHumChanged
                0x008003da                bTempChanged
                0x008003db                dRH
                0x008003df                bTimeColonToToggle
                0x008003e0                bBtnBPressed
                0x008003e1                dRH_comp
                0x008003e5                tTime
                0x008003ed                dTemperatureOld
                0x008003f1                bSelectionDate
                0x008003f2                bPriLev
                0x008003f3                bSelectionDateChanged
                0x008003f4                bSelectionMenuChanged
                0x008003f5                adTemperature
                0x00800585                val
                0x00800590                tZ1
                0x00800592                tTimeEditing
                0x0080059a                bChannel
                0x0080059b                bSelectionMenu
                0x0080059c                bBtnAPressed
                0x0080059d                bPort
                0x0080059e                sreg
                0x0080059f                dVout
                0x008005a3                val1
                0x008005a5                bInhibite
                0x008005a6                bBtnCPressed
                0x008005a7                AD
                0x008005ab                dVp
                0x008005af                bBtn
                0x008005b0                dTemperature
                0x008005b4                PROVIDE (__bss_end, .)
                0x00003ef0                __data_load_start = LOADADDR (.data)
                0x00004146                __data_load_end = (__data_load_start + SIZEOF (.data))

.noinit         0x008005b4        0x0
                0x008005b4                PROVIDE (__noinit_start, .)
 *(.noinit*)
                0x008005b4                PROVIDE (__noinit_end, .)
                0x008005b4                _end = .
                0x008005b4                PROVIDE (__heap_start, .)

.eeprom         0x00810000        0x0
 *(.eeprom*)
                0x00810000                __eeprom_end = .

.fuse
 *(.fuse)
 *(.lfuse)
 *(.hfuse)
 *(.efuse)

.lock
 *(.lock*)

.signature
 *(.signature*)

.stab           0x00000000     0x58e0
 *(.stab)
 .stab          0x00000000      0x750 /usr/lib/gcc/avr/4.3.4/../../../avr/lib/avr51/crtm128.o
 .stab          0x00000750     0x3cd8 /tmp/ccY7JWPU.o
                               0x3ce4 (size before relaxing)
 .stab          0x00004428      0x3b4 /usr/lib/gcc/avr/4.3.4/../../../avr/lib/avr51/libc.a(sprintf.o)
                                0x3d8 (size before relaxing)
 .stab          0x000047dc      0x978 /usr/lib/gcc/avr/4.3.4/../../../avr/lib/avr51/libc.a(vfprintf_std.o)
                                0xb58 (size before relaxing)
 .stab          0x00005154       0x9c /usr/lib/gcc/avr/4.3.4/../../../avr/lib/avr51/libc.a(strnlen_P.o)
                                 0xa8 (size before relaxing)
 .stab          0x000051f0       0x9c /usr/lib/gcc/avr/4.3.4/../../../avr/lib/avr51/libc.a(strnlen.o)
                                 0xa8 (size before relaxing)
 .stab          0x0000528c      0x1d4 /usr/lib/gcc/avr/4.3.4/../../../avr/lib/avr51/libc.a(fputc.o)
                                0x3b4 (size before relaxing)
 .stab          0x00005460      0x480 /usr/lib/gcc/avr/4.3.4/../../../avr/lib/avr51/libc.a(ultoa_invert.o)
                                0x48c (size before relaxing)

.stabstr        0x00000000     0x1eac
 *(.stabstr)
 .stabstr       0x00000000     0x1eac /usr/lib/gcc/avr/4.3.4/../../../avr/lib/avr51/crtm128.o

.stab.excl
 *(.stab.excl)

.stab.exclstr
 *(.stab.exclstr)

.stab.index
 *(.stab.index)

.stab.indexstr
 *(.stab.indexstr)

.comment
 *(.comment)

.debug
 *(.debug)

.line
 *(.line)

.debug_srcinfo
 *(.debug_srcinfo)

.debug_sfnames
 *(.debug_sfnames)

.debug_aranges
 *(.debug_aranges)

.debug_pubnames
 *(.debug_pubnames)

.debug_info
 *(.debug_info)
 *(.gnu.linkonce.wi.*)

.debug_abbrev
 *(.debug_abbrev)

.debug_line
 *(.debug_line)

.debug_frame
 *(.debug_frame)

.debug_str
 *(.debug_str)

.debug_loc
 *(.debug_loc)

.debug_macinfo
 *(.debug_macinfo)
OUTPUT(CLICO elf32-avr)
LOAD linker stubs
